<p>Ordered pages can be achieved by prepending a number followed by a dash.</p>
