<p>The generated file should be <code>/yadda/index.html</code>.</p>