# Third file

This should be the third file in lists and menus.
