<p>In this edge case one of the parent directories does not have a content file associated.
</p>
