# Second file

This should be the second file in lists and menus.
