<p>The <strong>txt</strong> extension should also be picked up.</p>
